[1/526] ok   1_iNTFSw4Nc    39,858B  Essentials: Genes & the Inheritance of Memories Across 
[2/526] ok   bv56Cuq-fyY   157,262B  How Mitochondria Control Your Metabolism | Dr. Jared Ru
[3/526] ok   f1NNmiz547U    38,037B  Essentials: Use Sleep to Enhance Learning, Memory & Emo
[4/526] ok   Uzoe1RYVjiA   214,488B  How to Accelerate Learning & Improve Education | Joe Li
[5/526] ok   E56LSFCNdkI    41,371B  Essentials: Diet & Nutrition for Mental Health | Dr. Ch
[6/526] ok   58-k4F7-AoA   179,770B  How to Improve Motivation & Overcome Procrastination | 
[7/526] ok   QP8Kpf1UQwM    38,549B  Essentials: How to Access Your Creativity | Rick Rubin
[8/526] ok   P-h5WSQG1Sw   178,652B  Neuroscience of Emotions & Tools for Improving Emotion 
[9/526] ok   XmUVbu5BgiI       931B  Benevolent Uses of AI to Improve Your Life
[10/526] ok   wbuPQPu-03Y    42,928B  Essentials: How to Optimize Female Hormone Health for V
[11/526] ok   N5AQFYtqx8Q   142,072B  Using AI to Increase Your Intelligence & Enrich Humanit
[12/526] ok   xKvlK7OqZso    39,513B  Control Your Brain Chemistry for Focus, Motivation & We
[13/526] ok   PensChQQKg4     3,677B  Your Memories & Emotions Impact Immune Status
[14/526] ok   s_tkMm5U9aY   224,608B  How Your Immune System Works & How to Improve It | Dr. 
[15/526] ok   vmRWUqkTtKA     1,426B  My book Protocols releases September 15th
[16/526] ok   lxDf8uEypJU    46,289B  Essentials: How to Become Resilient, Forge Your Identit
[17/526] ok   ssP31IenzYA   141,096B  Your Top Health Questions Answered
[18/526] BLOCKED — backing off 60s (streak 1)
[19/526] BLOCKED — backing off 120s (streak 2)
[20/526] BLOCKED — backing off 180s (streak 3)
