[20:22:23] pass 1: 17/526 on disk, 0 captionless
ordered by relevance: top='Dr. Andy Galpin: Optimal Protocols to Build Strength & Grow ' (82 hits)
[1/526] ok   CyDLbrZK75U   377,469B  Dr. Andy Galpin: Optimal Protocols to Build Strength & 
[2/526] ok   q1Ss8sTbFBY   157,579B  Fitness Toolkit: Protocol & Tools to Optimize Physical 
[3/526] ok   oNkDA2F7CjM   291,799B  Dr. Andy Galpin: How to Build Physical Endurance & Lose
[4/526] ok   _Q4XT82yd-Q   173,013B  The Most Effective Weight Training, Cardio & Nutrition 
[5/526] ok   CD0bRU1e1ZM   306,463B  Tools for Nutrition & Fitness | Dr. Layne Norton
[6/526] ok   LYYyQcAJZfk   127,528B  Science-Supported Tools to Accelerate Your Fitness Goal
[7/526] ok   C0DMdUqF73Q   302,749B  The Best Vitality & Health Protocols | Dr. Rhonda Patri
[8/526] ok   WFcYF_pxLgA   217,865B  How to Exercise & Eat for Optimal Health & Longevity | 
[9/526] ok   q37ARYnRDGc   248,592B  Dr. Andy Galpin: Optimal Nutrition & Supplementation fo
[10/526] ok   tLS6t3FVOTI   160,040B  Developing a Rational Approach to Supplementation for H
[11/526] ok   iw97uvIge7c   182,606B  Using Caffeine to Optimize Mental & Physical Performanc
[12/526] ok   pZX8ikmWvEU   181,797B  Female-Specific Exercise & Nutrition for Health, Perfor
[13/526] ok   Z3OpxT65fKw   314,104B  How to Build Strength, Endurance & Flexibility at Any A
[14/526] ok   BMTt8gSl13s   157,481B  Use Sleep to Enhance Learning, Memory & Emotional State
[15/526] ok   O640yAgq5f8   181,211B  Tools for Hormone Optimization in Males | Dr. Kyle Gill
[16/526] ok   h_1zlead9ZU   168,654B  How to Lose Fat & Gain Muscle With Nutrition | Alan Ara
[17/526] ok   -OBCwiPPfEU   208,177B  Dr. Matt Walker: The Biology of Sleep & Your Unique Sle
[18/526] ok   IAnhFUUCq6c   291,887B  Dr. Andy Galpin: How to Build Strength, Muscle Size & E
[19/526] ok   hvPGfcAgk9Y   188,198B  Dr. Matt Walker: Protocols to Improve Your Sleep | Hube
[20/526] BLOCKED — backing off 60s (streak 1)
[21/526] BLOCKED — backing off 120s (streak 2)
